#
# There is insufficient memory for the Java Runtime Environment to continue.
# Native memory allocation (mmap) failed to map 67108864 bytes for G1 virtual space
# Possible reasons:
#   The system is out of physical RAM or swap space
#   The process is running with CompressedOops enabled, and the Java Heap may be blocking the growth of the native heap
# Possible solutions:
#   Reduce memory load on the system
#   Increase physical memory or swap space
#   Check if swap backing store is full
#   Decrease Java heap size (-Xmx/-Xms)
#   Decrease number of Java threads
#   Decrease Java thread stack sizes (-Xss)
#   Set larger code cache with -XX:ReservedCodeCacheSize=
#   JVM is running with Unscaled Compressed Oops mode in which the Java heap is
#     placed in the first 4GB address space. The Java Heap base address is the
#     maximum limit for the native heap growth. Please use -XX:HeapBaseMinAddress
#     to set the Java Heap base and to place the Java Heap above 4GB virtual address.
# This output file may be truncated or incomplete.
#
#  Out of Memory Error (os_windows.cpp:3536), pid=48916, tid=48952
#
# JRE version:  (19.0.2+7) (build )
# Java VM: OpenJDK 64-Bit Server VM (19.0.2+7, mixed mode, sharing, tiered, compressed oops, compressed class ptrs, g1 gc, windows-amd64)
# No core dump will be written. Minidumps are not enabled by default on client versions of Windows
#

---------------  S U M M A R Y ------------

Command Line: -Defilencoding-MS949 -Dfile.encoding=EUC-KR -XX:+ShowCodeDetailsInExceptionMessages Main.Main

Host: Intel(R) Core(TM) i5-6300HQ CPU @ 2.30GHz, 4 cores, 3G,  Windows 10 , 64 bit Build 19041 (10.0.19041.2913)
Time: Thu May 18 15:05:25 2023  Windows 10 , 64 bit Build 19041 (10.0.19041.2913) elapsed time: 0.038521 seconds (0d 0h 0m 0s)

---------------  T H R E A D  ---------------

Current thread (0x0000026b1d68c160):  JavaThread "Unknown thread" [_thread_in_vm, id=48952, stack(0x000000e129400000,0x000000e129500000)]

Stack: [0x000000e129400000,0x000000e129500000]
Native frames: (J=compiled Java code, j=interpreted, Vv=VM code, C=native code)
V  [jvm.dll+0x6e9e1a]
V  [jvm.dll+0x8a36c0]
V  [jvm.dll+0x8a50ae]
V  [jvm.dll+0x8a5763]
V  [jvm.dll+0x27bcdf]
V  [jvm.dll+0x6e6b39]
V  [jvm.dll+0x6db58a]
V  [jvm.dll+0x35267b]
V  [jvm.dll+0x35a106]
V  [jvm.dll+0x3b070e]
V  [jvm.dll+0x3b093f]
V  [jvm.dll+0x327c4a]
V  [jvm.dll+0x328aee]
V  [jvm.dll+0x86e230]
V  [jvm.dll+0x3bdb31]
V  [jvm.dll+0x84eb31]
V  [jvm.dll+0x44583f]
V  [jvm.dll+0x447321]
C  [jli.dll+0x5267]
C  [ucrtbase.dll+0x21bb2]
C  [KERNEL32.DLL+0x17614]
C  [ntdll.dll+0x526a1]


---------------  P R O C E S S  ---------------

Threads class SMR info:
_java_thread_list=0x00007fff783b05a8, length=0, elements={
}

Java Threads: ( => current thread )

Other Threads:
  0x0000026b1d6ca840 WorkerThread "GC Thread#0" [stack: 0x000000e129500000,0x000000e129600000] [id=48528]
  0x0000026b1d6d3460 ConcurrentGCThread "G1 Main Marker" [stack: 0x000000e129600000,0x000000e129700000] [id=37200]
  0x0000026b1d6d3e90 WorkerThread "G1 Conc#0" [stack: 0x000000e129700000,0x000000e129800000] [id=8472]

[error occurred during error reporting (printing all threads), id 0xc0000005, EXCEPTION_ACCESS_VIOLATION (0xc0000005) at pc=0x00007fff77b38687]

VM state: not at safepoint (not fully initialized)

VM Mutex/Monitor currently owned by a thread:  ([mutex/lock_event])
[0x0000026b1d68a070] Heap_lock - owner thread: 0x0000026b1d68c160

Heap address: 0x00000000c1a00000, size: 998 MB, Compressed Oops mode: 32-bit

CDS archive(s) mapped at: [0x0000000000000000-0x0000000000000000-0x0000000000000000), size 0, SharedBaseAddress: 0x0000000800000000, ArchiveRelocationMode: 0.
Narrow klass base: 0x0000000000000000, Narrow klass shift: 0, Narrow klass range: 0x0

GC Precious Log:
 CardTable entry size: 512
 Card Set container configuration: InlinePtr #cards 5 size 8 Array Of Cards #cards 12 size 40 Howl #buckets 4 coarsen threshold 1843 Howl Bitmap #cards 512 size 80 coarsen threshold 460 Card regions per heap region 1 cards per card region 2048

Heap:
 garbage-first heap   total 0K, used 0K [0x00000000c1a00000, 0x0000000100000000)
  region size 1024K, 0 young (0K), 0 survivors (0K)

[error occurred during error reporting (printing heap information), id 0xc0000005, EXCEPTION_ACCESS_VIOLATION (0xc0000005) at pc=0x00007fff77f42899]

GC Heap History (0 events):
No events

Dll operation events (1 events):
Event: 0.021 Loaded shared library C:\Users\dpsk1\.p2\pool\plugins\org.eclipse.justj.openjdk.hotspot.jre.full.win32.x86_64_19.0.2.v20230129-1123\jre\bin\java.dll

Deoptimization events (0 events):
No events

Classes loaded (0 events):
No events

Classes unloaded (0 events):
No events

Classes redefined (0 events):
No events

Internal exceptions (0 events):
No events

VM Operations (0 events):
No events

Events (0 events):
No events


Dynamic libraries:
0x00007ff764970000 - 0x00007ff76497e000 	C:\Users\dpsk1\.p2\pool\plugins\org.eclipse.justj.openjdk.hotspot.jre.full.win32.x86_64_19.0.2.v20230129-1123\jre\bin\javaw.exe
0x00007fffee170000 - 0x00007fffee368000 	C:\WINDOWS\SYSTEM32\ntdll.dll
0x00007fffecb60000 - 0x00007fffecc1f000 	C:\WINDOWS\System32\KERNEL32.DLL
0x00007fffeb850000 - 0x00007fffebb46000 	C:\WINDOWS\System32\KERNELBASE.dll
0x00007fffe7890000 - 0x00007fffe7921000 	C:\WINDOWS\SYSTEM32\apphelp.dll
0x00007fffebf00000 - 0x00007fffec000000 	C:\WINDOWS\System32\ucrtbase.dll
0x00007fffdf160000 - 0x00007fffdf177000 	C:\Users\dpsk1\.p2\pool\plugins\org.eclipse.justj.openjdk.hotspot.jre.full.win32.x86_64_19.0.2.v20230129-1123\jre\bin\jli.dll
0x00007fffed430000 - 0x00007fffed5cd000 	C:\WINDOWS\System32\USER32.dll
0x00007fffdf140000 - 0x00007fffdf159000 	C:\Users\dpsk1\.p2\pool\plugins\org.eclipse.justj.openjdk.hotspot.jre.full.win32.x86_64_19.0.2.v20230129-1123\jre\bin\VCRUNTIME140.dll
0x00007fffebd70000 - 0x00007fffebd92000 	C:\WINDOWS\System32\win32u.dll
0x00007fffecc20000 - 0x00007fffecc4c000 	C:\WINDOWS\System32\GDI32.dll
0x00007fffebc50000 - 0x00007fffebd65000 	C:\WINDOWS\System32\gdi32full.dll
0x00007fffec050000 - 0x00007fffec0ed000 	C:\WINDOWS\System32\msvcp_win.dll
0x00007fffeac50000 - 0x00007fffeaeea000 	C:\WINDOWS\WinSxS\amd64_microsoft.windows.common-controls_6595b64144ccf1df_6.0.19041.1110_none_60b5254171f9507e\COMCTL32.dll
0x00007fffec850000 - 0x00007fffec8ee000 	C:\WINDOWS\System32\msvcrt.dll
0x00007fffeccb0000 - 0x00007fffecce0000 	C:\WINDOWS\System32\IMM32.DLL
0x00007fffe5f40000 - 0x00007fffe5f4c000 	C:\Users\dpsk1\.p2\pool\plugins\org.eclipse.justj.openjdk.hotspot.jre.full.win32.x86_64_19.0.2.v20230129-1123\jre\bin\vcruntime140_1.dll
0x00007fffbdea0000 - 0x00007fffbdf31000 	C:\Users\dpsk1\.p2\pool\plugins\org.eclipse.justj.openjdk.hotspot.jre.full.win32.x86_64_19.0.2.v20230129-1123\jre\bin\msvcp140.dll
0x00007fff77800000 - 0x00007fff784f1000 	C:\Users\dpsk1\.p2\pool\plugins\org.eclipse.justj.openjdk.hotspot.jre.full.win32.x86_64_19.0.2.v20230129-1123\jre\bin\server\jvm.dll
0x00007fffed8d0000 - 0x00007fffed97f000 	C:\WINDOWS\System32\ADVAPI32.dll
0x00007fffec7b0000 - 0x00007fffec84c000 	C:\WINDOWS\System32\sechost.dll
0x00007fffed270000 - 0x00007fffed396000 	C:\WINDOWS\System32\RPCRT4.dll
0x00007fffd74b0000 - 0x00007fffd74d7000 	C:\WINDOWS\SYSTEM32\WINMM.dll
0x00007fffe9160000 - 0x00007fffe9169000 	C:\WINDOWS\SYSTEM32\WSOCK32.dll
0x00007fffed200000 - 0x00007fffed26b000 	C:\WINDOWS\System32\WS2_32.dll
0x00007fffe8380000 - 0x00007fffe838a000 	C:\WINDOWS\SYSTEM32\VERSION.dll
0x00007fffe9a30000 - 0x00007fffe9a42000 	C:\WINDOWS\SYSTEM32\kernel.appcore.dll
0x00007fffe42f0000 - 0x00007fffe42fa000 	C:\Users\dpsk1\.p2\pool\plugins\org.eclipse.justj.openjdk.hotspot.jre.full.win32.x86_64_19.0.2.v20230129-1123\jre\bin\jimage.dll
0x00007fffeb280000 - 0x00007fffeb464000 	C:\WINDOWS\SYSTEM32\DBGHELP.DLL
0x00007fffeb1c0000 - 0x00007fffeb1f4000 	C:\WINDOWS\SYSTEM32\dbgcore.DLL
0x00007fffebb50000 - 0x00007fffebbd2000 	C:\WINDOWS\System32\bcryptPrimitives.dll
0x00007fffd4360000 - 0x00007fffd4386000 	C:\Users\dpsk1\.p2\pool\plugins\org.eclipse.justj.openjdk.hotspot.jre.full.win32.x86_64_19.0.2.v20230129-1123\jre\bin\java.dll

dbghelp: loaded successfully - version: 4.0.5 - missing functions: none
symbol engine: initialized successfully - sym options: 0x614 - pdb path: .;C:\Users\dpsk1\.p2\pool\plugins\org.eclipse.justj.openjdk.hotspot.jre.full.win32.x86_64_19.0.2.v20230129-1123\jre\bin;C:\WINDOWS\SYSTEM32;C:\WINDOWS\WinSxS\amd64_microsoft.windows.common-controls_6595b64144ccf1df_6.0.19041.1110_none_60b5254171f9507e;C:\Users\dpsk1\.p2\pool\plugins\org.eclipse.justj.openjdk.hotspot.jre.full.win32.x86_64_19.0.2.v20230129-1123\jre\bin\server

VM Arguments:
jvm_args: -Defilencoding-MS949 -Dfile.encoding=EUC-KR -XX:+ShowCodeDetailsInExceptionMessages 
java_command: Main.Main
java_class_path (initial): C:\Users\dpsk1\OneDrive\πŸ≈¡ »≠∏È\project\Sugangsincheong\bin
Launcher Type: SUN_STANDARD

[Global flags]
     intx CICompilerCount                          = 3                                         {product} {ergonomic}
     uint ConcGCThreads                            = 1                                         {product} {ergonomic}
     uint G1ConcRefinementThreads                  = 4                                         {product} {ergonomic}
   size_t G1HeapRegionSize                         = 1048576                                   {product} {ergonomic}
    uintx GCDrainStackTargetSize                   = 64                                        {product} {ergonomic}
   size_t InitialHeapSize                          = 67108864                                  {product} {ergonomic}
   size_t MarkStackSize                            = 4194304                                   {product} {ergonomic}
   size_t MaxHeapSize                              = 1046478848                                {product} {ergonomic}
   size_t MinHeapDeltaBytes                        = 1048576                                   {product} {ergonomic}
   size_t MinHeapSize                              = 8388608                                   {product} {ergonomic}
    uintx NonNMethodCodeHeapSize                   = 5832780                                {pd product} {ergonomic}
    uintx NonProfiledCodeHeapSize                  = 122912730                              {pd product} {ergonomic}
    uintx ProfiledCodeHeapSize                     = 122912730                              {pd product} {ergonomic}
    uintx ReservedCodeCacheSize                    = 251658240                              {pd product} {ergonomic}
     bool SegmentedCodeCache                       = true                                      {product} {ergonomic}
     bool ShowCodeDetailsInExceptionMessages       = true                                   {manageable} {command line}
   size_t SoftMaxHeapSize                          = 1046478848                             {manageable} {ergonomic}
     bool UseCompressedClassPointers               = true                           {product lp64_product} {ergonomic}
     bool UseCompressedOops                        = true                           {product lp64_product} {ergonomic}
     bool UseG1GC                                  = true                                      {product} {ergonomic}
     bool UseLargePagesIndividualAllocation        = false                                  {pd product} {ergonomic}

Logging:
Log output configuration:
 #0: stdout all=warning uptime,level,tags foldmultilines=false
 #1: stderr all=off uptime,level,tags foldmultilines=false

Environment Variables:
PATH=C:/Users/dpsk1/OneDrive/πŸ≈¡ »≠∏È/eclipse//plugins/org.eclipse.justj.openjdk.hotspot.jre.full.win32.x86_64_17.0.5.v20221102-0933/jre/bin/server;C:/Users/dpsk1/OneDrive/πŸ≈¡ »≠∏È/eclipse//plugins/org.eclipse.justj.openjdk.hotspot.jre.full.win32.x86_64_17.0.5.v20221102-0933/jre/bin;C:\Program Files\Common Files\Oracle\Java\javapath;C:\Program Files (x86)\Intel\iCLS Client\;C:\Program Files\Intel\iCLS Client\;C:\windows\system32;C:\windows;C:\windows\System32\Wbem;C:\windows\System32\WindowsPowerShell\v1.0\;C:\Program Files (x86)\Intel\Intel(R) Management Engine Components\DAL;C:\Program Files\Intel\Intel(R) Management Engine Components\DAL;C:\Program Files (x86)\Intel\Intel(R) Management Engine Components\IPT;C:\Program Files\Java\jdk-19\bin;C:\Program Files\Java\jdk-19\lib;C:\Program Files\Intel\Intel(R) Management Engine Components\IPT;C:\Program Files (x86)\NVIDIA Corporation\PhysX\Common;C:\WINDOWS\system32;C:\WINDOWS;C:\WINDOWS\System32\Wbem;C:\WINDOWS\System32\WindowsPowerShell\v1.0\;C:\WINDOWS\System32\OpenSSH\;C:\Program Files\Intel\WiFi\bin\;C:\Program Files\Common Files\Intel\WirelessCommon\;C:\Program Files\NVIDIA Corporation\NVIDIA NvDLISR;C:\WINDOWS\system32;C:\WINDOWS;C:\WINDOWS\System32\Wbem;C:\WINDOWS\System32\WindowsPowerShell\v1.0\;C:\WINDOWS\System32\OpenSSH\;C:\Users\dpsk1\AppData\Local\Microsoft\WindowsApps;C:\Program Files\Bandizip\;;C:\Users\dpsk1\OneDrive\πŸ≈¡ »≠∏È\eclipse;
USERNAME=dpsk1
OS=Windows_NT
PROCESSOR_IDENTIFIER=Intel64 Family 6 Model 94 Stepping 3, GenuineIntel
TMP=C:\Users\dpsk1\AppData\Local\Temp
TEMP=C:\Users\dpsk1\AppData\Local\Temp



---------------  S Y S T E M  ---------------

OS:
 Windows 10 , 64 bit Build 19041 (10.0.19041.2913)
OS uptime: 1 days 4:53 hours

CPU: total 4 (initial active 4) (4 cores per cpu, 1 threads per core) family 6 model 94 stepping 3 microcode 0xcc, cx8, cmov, fxsr, mmx, 3dnowpref, sse, sse2, sse3, ssse3, sse4.1, sse4.2, popcnt, lzcnt, tsc, tscinvbit, avx, avx2, aes, erms, clmul, bmi1, bmi2, rtm, adx, fma, vzeroupper, clflush, clflushopt, rdtscp

Memory: 4k page, system-wide physical 3985M (447M free)
TotalPageFile size 10328M (AvailPageFile size 50M)
current process WorkingSet (physical memory assigned to process): 11M, peak: 11M
current process commit charge ("private bytes"): 51M, peak: 115M

vm_info: OpenJDK 64-Bit Server VM (19.0.2+7) for windows-amd64 JRE (19.0.2+7), built on 2023-01-17T00:00:00Z by "temurin" with MS VC++ 16.7 (VS2019)

END.
